{
    "Version": "1.2",
    "Data": {
        "Source": "c:\\program files\\microsoft visual studio\\2022\\community\\vc\\tools\\msvc\\14.41.34120\\modules\\std.compat.ixx",
        "ProvidedModule": "std.compat",
        "Includes": [],
        "ImportedModules": [
            {
                "Name": "std",
                "BMI": "C:\\Users\\Ralph\\source\\repos\\expected\\expected\\x64\\Debug\\microsoft\\STL\\std.ixx.ifc"
            }
        ],
        "ImportedHeaderUnits": []
    }
}